06:47:10 **** Rebuild of configuration Debug for project usblib ****
Info: Internal Builder is used for build
arm-atollic-eabi-gcc -c ..\src\usbd_core.c -mthumb -mcpu=cortex-m0 -std=gnu11 -DSTM32F042x6 -DSTM32F0 -D__weak=__attribute__((weak)) -D__packed=__attribute__((__packed__)) -IC:\Projects\STAMDEV\usblib\inc -IC:\Projects\STAMDEV\usblib\Drivers\CMSIS\Device -IC:\Projects\STAMDEV\usblib\Drivers\CMSIS\Device\ST\STM32F0xx\Include -IC:\Projects\STAMDEV\usblib\Drivers\CMSIS\Include -Os -ffunction-sections -fdata-sections -g -fstack-usage -Wall -specs=nano.specs -o src\usbd_core.o 
In file included from ..\src\usbd_core.c:18:0:
C:\Projects\STAMDEV\usblib\inc/usb.h:22:0: warning: "STM32F042x6" redefined
 #define STM32F042x6
 
<command-line>:0:0: note: this is the location of the previous definition
arm-atollic-eabi-gcc -c ..\src\usbd_stm32l052_devfs.c -mthumb -mcpu=cortex-m0 -std=gnu11 -DSTM32F042x6 -DSTM32F0 -D__weak=__attribute__((weak)) -D__packed=__attribute__((__packed__)) -IC:\Projects\STAMDEV\usblib\inc -IC:\Projects\STAMDEV\usblib\Drivers\CMSIS\Device -IC:\Projects\STAMDEV\usblib\Drivers\CMSIS\Device\ST\STM32F0xx\Include -IC:\Projects\STAMDEV\usblib\Drivers\CMSIS\Include -Os -ffunction-sections -fdata-sections -g -fstack-usage -Wall -specs=nano.specs -o src\usbd_stm32l052_devfs.o 
In file included from ..\src\usbd_stm32l052_devfs.c:19:0:
C:\Projects\STAMDEV\usblib\inc/usb.h:22:0: warning: "STM32F042x6" redefined
 #define STM32F042x6
 
<command-line>:0:0: note: this is the location of the previous definition
..\src\usbd_stm32l052_devfs.c:24:6: warning: #warning PMA memory size is not defined. Use 1k by default [-Wcpp]
     #warning PMA memory size is not defined. Use 1k by default
      ^~~~~~~
arm-atollic-eabi-gcc -c -mthumb -mcpu=cortex-m0 -IC:\Projects\STAMDEV\usblib\inc -g -Wa,--warn -x assembler-with-cpp -specs=nano.specs -o src\usbd_stm32l100_devfs_asm.o ..\src\usbd_stm32l100_devfs_asm.S 
arm-atollic-eabi-gcc -c ..\src\usbd_stm32f103_devfs.c -mthumb -mcpu=cortex-m0 -std=gnu11 -DSTM32F042x6 -DSTM32F0 -D__weak=__attribute__((weak)) -D__packed=__attribute__((__packed__)) -IC:\Projects\STAMDEV\usblib\inc -IC:\Projects\STAMDEV\usblib\Drivers\CMSIS\Device -IC:\Projects\STAMDEV\usblib\Drivers\CMSIS\Device\ST\STM32F0xx\Include -IC:\Projects\STAMDEV\usblib\Drivers\CMSIS\Include -Os -ffunction-sections -fdata-sections -g -fstack-usage -Wall -specs=nano.specs -o src\usbd_stm32f103_devfs.o 
In file included from ..\src\usbd_stm32f103_devfs.c:20:0:
C:\Projects\STAMDEV\usblib\inc/usb.h:22:0: warning: "STM32F042x6" redefined
 #define STM32F042x6
 
<command-line>:0:0: note: this is the location of the previous definition
arm-atollic-eabi-gcc -c ..\src\usbd_stm32l433_devfs.c -mthumb -mcpu=cortex-m0 -std=gnu11 -DSTM32F042x6 -DSTM32F0 -D__weak=__attribute__((weak)) -D__packed=__attribute__((__packed__)) -IC:\Projects\STAMDEV\usblib\inc -IC:\Projects\STAMDEV\usblib\Drivers\CMSIS\Device -IC:\Projects\STAMDEV\usblib\Drivers\CMSIS\Device\ST\STM32F0xx\Include -IC:\Projects\STAMDEV\usblib\Drivers\CMSIS\Include -Os -ffunction-sections -fdata-sections -g -fstack-usage -Wall -specs=nano.specs -o src\usbd_stm32l433_devfs.o 
In file included from ..\src\usbd_stm32l433_devfs.c:19:0:
C:\Projects\STAMDEV\usblib\inc/usb.h:22:0: warning: "STM32F042x6" redefined
 #define STM32F042x6
 
<command-line>:0:0: note: this is the location of the previous definition
arm-atollic-eabi-gcc -c -mthumb -mcpu=cortex-m0 -IC:\Projects\STAMDEV\usblib\inc -g -Wa,--warn -x assembler-with-cpp -specs=nano.specs -o src\usbd_stm32f103_devfs_asm.o ..\src\usbd_stm32f103_devfs_asm.S 
arm-atollic-eabi-gcc -c ..\src\usbd_stm32f429_otghs.c -mthumb -mcpu=cortex-m0 -std=gnu11 -DSTM32F042x6 -DSTM32F0 -D__weak=__attribute__((weak)) -D__packed=__attribute__((__packed__)) -IC:\Projects\STAMDEV\usblib\inc -IC:\Projects\STAMDEV\usblib\Drivers\CMSIS\Device -IC:\Projects\STAMDEV\usblib\Drivers\CMSIS\Device\ST\STM32F0xx\Include -IC:\Projects\STAMDEV\usblib\Drivers\CMSIS\Include -Os -ffunction-sections -fdata-sections -g -fstack-usage -Wall -specs=nano.specs -o src\usbd_stm32f429_otghs.o 
In file included from ..\src\usbd_stm32f429_otghs.c:19:0:
C:\Projects\STAMDEV\usblib\inc/usb.h:22:0: warning: "STM32F042x6" redefined
 #define STM32F042x6
 
<command-line>:0:0: note: this is the location of the previous definition
arm-atollic-eabi-gcc -c ..\src\usbd_stm32l476_otgfs.c -mthumb -mcpu=cortex-m0 -std=gnu11 -DSTM32F042x6 -DSTM32F0 -D__weak=__attribute__((weak)) -D__packed=__attribute__((__packed__)) -IC:\Projects\STAMDEV\usblib\inc -IC:\Projects\STAMDEV\usblib\Drivers\CMSIS\Device -IC:\Projects\STAMDEV\usblib\Drivers\CMSIS\Device\ST\STM32F0xx\Include -IC:\Projects\STAMDEV\usblib\Drivers\CMSIS\Include -Os -ffunction-sections -fdata-sections -g -fstack-usage -Wall -specs=nano.specs -o src\usbd_stm32l476_otgfs.o 
In file included from ..\src\usbd_stm32l476_otgfs.c:19:0:
C:\Projects\STAMDEV\usblib\inc/usb.h:22:0: warning: "STM32F042x6" redefined
 #define STM32F042x6
 
<command-line>:0:0: note: this is the location of the previous definition
arm-atollic-eabi-gcc -c ..\src\usbd_stm32f429_otgfs.c -mthumb -mcpu=cortex-m0 -std=gnu11 -DSTM32F042x6 -DSTM32F0 -D__weak=__attribute__((weak)) -D__packed=__attribute__((__packed__)) -IC:\Projects\STAMDEV\usblib\inc -IC:\Projects\STAMDEV\usblib\Drivers\CMSIS\Device -IC:\Projects\STAMDEV\usblib\Drivers\CMSIS\Device\ST\STM32F0xx\Include -IC:\Projects\STAMDEV\usblib\Drivers\CMSIS\Include -Os -ffunction-sections -fdata-sections -g -fstack-usage -Wall -specs=nano.specs -o src\usbd_stm32f429_otgfs.o 
In file included from ..\src\usbd_stm32f429_otgfs.c:19:0:
C:\Projects\STAMDEV\usblib\inc/usb.h:22:0: warning: "STM32F042x6" redefined
 #define STM32F042x6
 
<command-line>:0:0: note: this is the location of the previous definition
arm-atollic-eabi-gcc -c -mthumb -mcpu=cortex-m0 -IC:\Projects\STAMDEV\usblib\inc -g -Wa,--warn -x assembler-with-cpp -specs=nano.specs -o src\usbd_stm32l052_devfs_asm.o ..\src\usbd_stm32l052_devfs_asm.S 
arm-atollic-eabi-gcc -c ..\src\usbd_stm32f105_otgfs.c -mthumb -mcpu=cortex-m0 -std=gnu11 -DSTM32F042x6 -DSTM32F0 -D__weak=__attribute__((weak)) -D__packed=__attribute__((__packed__)) -IC:\Projects\STAMDEV\usblib\inc -IC:\Projects\STAMDEV\usblib\Drivers\CMSIS\Device -IC:\Projects\STAMDEV\usblib\Drivers\CMSIS\Device\ST\STM32F0xx\Include -IC:\Projects\STAMDEV\usblib\Drivers\CMSIS\Include -Os -ffunction-sections -fdata-sections -g -fstack-usage -Wall -specs=nano.specs -o src\usbd_stm32f105_otgfs.o 
In file included from ..\src\usbd_stm32f105_otgfs.c:20:0:
C:\Projects\STAMDEV\usblib\inc/usb.h:22:0: warning: "STM32F042x6" redefined
 #define STM32F042x6
 
<command-line>:0:0: note: this is the location of the previous definition
arm-atollic-eabi-gcc -c ..\src\usbd_stm32l100_devfs.c -mthumb -mcpu=cortex-m0 -std=gnu11 -DSTM32F042x6 -DSTM32F0 -D__weak=__attribute__((weak)) -D__packed=__attribute__((__packed__)) -IC:\Projects\STAMDEV\usblib\inc -IC:\Projects\STAMDEV\usblib\Drivers\CMSIS\Device -IC:\Projects\STAMDEV\usblib\Drivers\CMSIS\Device\ST\STM32F0xx\Include -IC:\Projects\STAMDEV\usblib\Drivers\CMSIS\Include -Os -ffunction-sections -fdata-sections -g -fstack-usage -Wall -specs=nano.specs -o src\usbd_stm32l100_devfs.o 
In file included from ..\src\usbd_stm32l100_devfs.c:19:0:
C:\Projects\STAMDEV\usblib\inc/usb.h:22:0: warning: "STM32F042x6" redefined
 #define STM32F042x6
 
<command-line>:0:0: note: this is the location of the previous definition
arm-atollic-eabi-ar -r libusblib.a src\usbd_core.o src\usbd_stm32f103_devfs.o src\usbd_stm32f103_devfs_asm.o src\usbd_stm32f105_otgfs.o src\usbd_stm32f429_otgfs.o src\usbd_stm32f429_otghs.o src\usbd_stm32l052_devfs.o src\usbd_stm32l052_devfs_asm.o src\usbd_stm32l100_devfs.o src\usbd_stm32l100_devfs_asm.o src\usbd_stm32l433_devfs.o src\usbd_stm32l476_otgfs.o 
06:47:13 **** Incremental Build of configuration Debug for project stam ****
Info: Internal Builder is used for build
arm-atollic-eabi-gcc -o stam.elf Drivers\STM32F0xx_HAL_Driver\Src\stm32f0xx_hal.o Drivers\STM32F0xx_HAL_Driver\Src\stm32f0xx_hal_cortex.o Drivers\STM32F0xx_HAL_Driver\Src\stm32f0xx_hal_dma.o Drivers\STM32F0xx_HAL_Driver\Src\stm32f0xx_hal_flash.o Drivers\STM32F0xx_HAL_Driver\Src\stm32f0xx_hal_flash_ex.o Drivers\STM32F0xx_HAL_Driver\Src\stm32f0xx_hal_gpio.o Drivers\STM32F0xx_HAL_Driver\Src\stm32f0xx_hal_i2c.o Drivers\STM32F0xx_HAL_Driver\Src\stm32f0xx_hal_i2c_ex.o Drivers\STM32F0xx_HAL_Driver\Src\stm32f0xx_hal_pwr.o Drivers\STM32F0xx_HAL_Driver\Src\stm32f0xx_hal_pwr_ex.o Drivers\STM32F0xx_HAL_Driver\Src\stm32f0xx_hal_rcc.o Drivers\STM32F0xx_HAL_Driver\Src\stm32f0xx_hal_rcc_ex.o Drivers\STM32F0xx_HAL_Driver\Src\stm32f0xx_hal_spi.o Drivers\STM32F0xx_HAL_Driver\Src\stm32f0xx_hal_spi_ex.o Drivers\STM32F0xx_HAL_Driver\Src\stm32f0xx_hal_tim.o Drivers\STM32F0xx_HAL_Driver\Src\stm32f0xx_hal_tim_ex.o Middlewares\Third_Party\FreeRTOS\Source\CMSIS_RTOS\cmsis_os.o Middlewares\Third_Party\FreeRTOS\Source\croutine.o Middlewares\Third_Party\FreeRTOS\Source\event_groups.o Middlewares\Third_Party\FreeRTOS\Source\list.o Middlewares\Third_Party\FreeRTOS\Source\portable\GCC\ARM_CM0\port.o Middlewares\Third_Party\FreeRTOS\Source\portable\MemMang\heap_4.o Middlewares\Third_Party\FreeRTOS\Source\queue.o Middlewares\Third_Party\FreeRTOS\Source\tasks.o Middlewares\Third_Party\FreeRTOS\Source\timers.o Src\freertos.o Src\main.o Src\stm32f0xx_hal_msp.o Src\stm32f0xx_hal_timebase_TIM.o Src\stm32f0xx_it.o Src\system_stm32f0xx.o Src\usbcdc.o Src\usbhid.o startup\startup_stm32f042x6.o -lusblib -mthumb -mcpu=cortex-m0 -T../STM32F042K6_FLASH.ld -specs=nosys.specs -static -LC:\Projects\STAMDEV\usblib\Debug -Wl,-Map=stam.map -Wl,--gc-sections -Wl,--defsym=malloc_getpagesize_P=0x80 -Wl,--start-group -lc -lm -Wl,--end-group -specs=nano.specs 
C:\Program Files (x86)\Atollic\TrueSTUDIO for STM32 9.1.0\ide\jre\bin\java -jar C:\Program Files (x86)\Atollic\TrueSTUDIO for STM32 9.1.0\Tools\arm-atollic-reports.jar sizeinfo list stam.elf 
Generate build reports...
Print size information
   text	   data	    bss	    dec	    hex	filename
  16372	    120	   4712	  21204	   52d4	stam.elf
Print size information done
Generate listing file
Output sent to: stam.list
Generate listing file done
Generate build reports done
arm-atollic-eabi-objcopy.exe -O ihex stam.elf stam.hex 
Info: Nothing to build for stam
